Original size: 93
After stabilized-node removal: 0
Reduced size: 0
Total removed nodes: 93
Step 1 - stabilized nodes:
  hsa_6256 = 0
  hsa_6257 = 0
  hsa_6258 = 0
  hsa_5915 = 0
  hsa_842 = 0
  hsa_317 = 0
  hsa_4149 = 0
  hsa_4609 = 0
  hsa_7709 = 1
  hsa_1163 = 0
  hsa_1164 = 0
  hsa_5728 = 0
  hsa_2272 = 0
  hsa_54205 = 0
  hsa_10319 = 0
  hsa_1282 = 0
  hsa_1284 = 0
  hsa_1285 = 0
  hsa_1286 = 0
  hsa_1287 = 0
  hsa_1288 = 0
  hsa_22798 = 0
  hsa_2335 = 0
  hsa_284217 = 0
  hsa_3908 = 0
  hsa_3909 = 0
  hsa_3910 = 0
  hsa_3911 = 0
  hsa_3912 = 0
  hsa_3913 = 0
  hsa_3914 = 0
  hsa_3915 = 0
  hsa_3918 = 0
  hsa_3688 = 0
  hsa_3655 = 0
  hsa_3673 = 0
  hsa_3674 = 0
  hsa_3675 = 0
  hsa_3685 = 0
  hsa_5747 = 0
  hsa_110117499 = 0
  hsa_5290 = 0
  hsa_5291 = 0
  hsa_5293 = 0
  hsa_5295 = 0
  hsa_5296 = 0
  hsa_8503 = 0
  hsa_10000 = 0
  hsa_207 = 0
  hsa_208 = 0
  hsa_596 = 0
  hsa_1147 = 0
  hsa_3551 = 0
  hsa_8517 = 0
  hsa_4792 = 0
  hsa_1869 = 0
  hsa_1870 = 0
  hsa_1871 = 0
  hsa_1019 = 0
  hsa_1021 = 0
  hsa_4790 = 0
  hsa_5970 = 0
  hsa_595 = 0
  hsa_329 = 0
  hsa_330 = 0
  hsa_331 = 0
  hsa_79444 = 0
  hsa_4843 = 0
  hsa_5743 = 0
  hsa_598 = 0
  hsa_7185 = 0
  hsa_7186 = 0
  hsa_7187 = 0
  hsa_7188 = 0
  hsa_7189 = 0
  hsa_9618 = 0
  hsa_6502 = 0
  hsa_1027 = 1
  hsa_898 = 0
  hsa_9134 = 0
  hsa_1017 = 0
  hsa_5925 = 0
  hsa_1030 = 1
  hsa_581 = 1
  hsa_836 = 0
  hsa_7157 = 0
  hsa_1026 = 0
  hsa_10912 = 0
  hsa_1647 = 0
  hsa_4616 = 0
  hsa_578 = 0
  hsa_1643 = 0
  hsa_51426 = 0
Step 2 - no simple mediators removed.
Retained nodes: 
Reduced model written to: results/models/small_cell_lung_cancer/two_step.bnet
