Original size: 73
After stabilized-node removal: 0
Reduced size: 0
Total removed nodes: 73
Step 1 - stabilized nodes:
  hsa_999 = 0
  hsa_4286 = 0
  hsa_5728 = 0
  hsa_1950 = 0
  hsa_2246 = 0
  hsa_2247 = 0
  hsa_2248 = 0
  hsa_2249 = 0
  hsa_2250 = 0
  hsa_2251 = 0
  hsa_2252 = 0
  hsa_2253 = 0
  hsa_2254 = 0
  hsa_2255 = 0
  hsa_26281 = 0
  hsa_26291 = 0
  hsa_27006 = 0
  hsa_3082 = 0
  hsa_3479 = 0
  hsa_5154 = 0
  hsa_5155 = 0
  hsa_56034 = 0
  hsa_80310 = 0
  hsa_8074 = 0
  hsa_8817 = 0
  hsa_8822 = 0
  hsa_8823 = 0
  hsa_9965 = 0
  hsa_1956 = 0
  hsa_2260 = 0
  hsa_3480 = 0
  hsa_4233 = 0
  hsa_5156 = 0
  hsa_5159 = 0
  hsa_4893 = 0
  hsa_1029 = 0
  hsa_4193 = 0
  hsa_7157 = 1
  hsa_1026 = 1
  hsa_1019 = 0
  hsa_595 = 0
  hsa_1869 = 0
  hsa_1870 = 0
  hsa_1871 = 0
  hsa_1021 = 0
  hsa_5925 = 0
  hsa_3265 = 0
  hsa_3845 = 0
  hsa_673 = 0
  hsa_110117499 = 0
  hsa_5290 = 0
  hsa_5291 = 0
  hsa_5293 = 0
  hsa_5295 = 0
  hsa_5296 = 0
  hsa_8503 = 0
  hsa_10000 = 0
  hsa_207 = 0
  hsa_208 = 0
  hsa_572 = 1
  hsa_369 = 0
  hsa_5894 = 0
  hsa_5604 = 0
  hsa_5605 = 0
  hsa_5594 = 0
  hsa_5595 = 0
  hsa_10912 = 0
  hsa_1647 = 0
  hsa_4616 = 0
  hsa_581 = 0
  hsa_578 = 0
  hsa_1643 = 0
  hsa_51426 = 0
Step 2 - no simple mediators removed.
Retained nodes: 
Reduced model written to: results/models/melanoma/two_step.bnet
