Original size: 77
After stabilized-node removal: 0
Reduced size: 0
Total removed nodes: 77
Step 1 - stabilized nodes:
  hsa_2064 = 0
  hsa_3845 = 0
  hsa_9459 = 0
  hsa_10000 = 0
  hsa_207 = 0
  hsa_208 = 0
  hsa_5879 = 0
  hsa_5880 = 0
  hsa_5881 = 0
  hsa_1147 = 0
  hsa_3551 = 0
  hsa_8517 = 0
  hsa_4790 = 0
  hsa_5970 = 0
  hsa_572 = 1
  hsa_598 = 0
  hsa_369 = 0
  hsa_5894 = 0
  hsa_673 = 0
  hsa_842 = 1
  hsa_5604 = 0
  hsa_5594 = 0
  hsa_5595 = 0
  hsa_5900 = 0
  hsa_5898 = 0
  hsa_5899 = 0
  hsa_10928 = 0
  hsa_5337 = 0
  hsa_5338 = 0
  hsa_5599 = 0
  hsa_5601 = 0
  hsa_5602 = 0
  hsa_7039 = 0
  hsa_1950 = 0
  hsa_1029 = 0
  hsa_998 = 1
  hsa_1019 = 0
  hsa_1021 = 0
  hsa_1869 = 0
  hsa_1870 = 0
  hsa_1871 = 0
  hsa_7040 = 0
  hsa_7042 = 0
  hsa_7043 = 0
  hsa_7046 = 0
  hsa_7048 = 0
  hsa_4087 = 0
  hsa_4088 = 0
  hsa_4089 = 0
  hsa_675 = 0
  hsa_5888 = 0
  hsa_1956 = 0
  hsa_110117499 = 0
  hsa_5290 = 0
  hsa_5291 = 0
  hsa_5293 = 0
  hsa_5295 = 0
  hsa_5296 = 0
  hsa_8503 = 0
  hsa_3716 = 0
  hsa_6774 = 0
  hsa_6772 = 0
  hsa_7422 = 0
  hsa_595 = 0
  hsa_5925 = 0
  hsa_2475 = 0
  hsa_6198 = 0
  hsa_6199 = 0
  hsa_7157 = 0
  hsa_1026 = 0
  hsa_10912 = 0
  hsa_1647 = 0
  hsa_4616 = 0
  hsa_581 = 0
  hsa_578 = 0
  hsa_1643 = 0
  hsa_51426 = 0
Step 2 - no simple mediators removed.
Retained nodes: 
Reduced model written to: results/models/pancreatic_cancer/two_step.bnet
